// Jest Snapshot v1, https://jestjs.io/docs/snapshot-testing

exports[`./DateTime.stories Default 1`] = `
<div
  style="background-color: rgb(255, 255, 255); padding: 1rem;"
>
  <div
    class="shadcn-scope"
  >
    <span
      data-slot="tooltip-trigger"
      id="base-ui-_r_1_"
    >
      5:05 AM
    </span>
  </div>
</div>
`;
