// Jest Snapshot v1, https://goo.gl/fbAQLP

exports[`./SecuritySafesTable.stories MultichainSafe 1`] = `
<div
  style="background-color: rgb(255, 255, 255); padding: 0px;"
>
  <div
    class="MuiPaper-root MuiPaper-elevation MuiPaper-rounded MuiPaper-elevation0 mui-style-l2lphb-MuiPaper-root"
    style="--Paper-shadow: none;"
  />
</div>
`;

exports[`./SecuritySafesTable.stories Scanning 1`] = `
<div
  style="background-color: rgb(255, 255, 255); padding: 0px;"
>
  <div
    class="MuiPaper-root MuiPaper-elevation MuiPaper-rounded MuiPaper-elevation0 mui-style-l2lphb-MuiPaper-root"
    style="--Paper-shadow: none;"
  />
</div>
`;

exports[`./SecuritySafesTable.stories SingleChainSafes 1`] = `
<div
  style="background-color: rgb(255, 255, 255); padding: 0px;"
>
  <div
    class="MuiPaper-root MuiPaper-elevation MuiPaper-rounded MuiPaper-elevation0 mui-style-l2lphb-MuiPaper-root"
    style="--Paper-shadow: none;"
  />
</div>
`;
