// Jest Snapshot v1, https://goo.gl/fbAQLP

exports[`SettingsChange should display the SettingsChange component with newOwner details 1`] = `
<div>
  <div
    class="rounded-lg bg-[var(--color-warning-background)] p-4"
  >
    <div
      class="text-muted-foreground mb-4 flex items-center"
    >
      <mock-icon
        class="mr-2 size-4"
      />
      Previous signer
    </div>
    <div
      class="container"
    >
      <div
        class="avatarContainer"
        style="width: 40px; height: 40px;"
      >
        <div
          class="icon"
          style="background-image: url(data:image/svg+xml;base64,PHN2ZyB4bWxucz0iaHR0cDovL3d3dy53My5vcmcvMjAwMC9zdmciIHZpZXdCb3g9IjAgMCA4IDgiIHNoYXBlLXJlbmRlcmluZz0ib3B0aW1pemVTcGVlZCIgd2lkdGg9IjY0IiBoZWlnaHQ9IjY0Ij48cGF0aCBmaWxsPSJoc2woMzI1IDQ4JSAyMiUpIiBkPSJNMCwwSDhWOEgweiIvPjxwYXRoIGZpbGw9ImhzbCgyNDAgOTklIDQ5JSkiIGQ9Ik0xLDBoMXYxaC0xek02LDBoMXYxaC0xek0yLDBoMXYxaC0xek01LDBoMXYxaC0xek0zLDBoMXYxaC0xek00LDBoMXYxaC0xek0wLDFoMXYxaC0xek03LDFoMXYxaC0xek0wLDJoMXYxaC0xek03LDJoMXYxaC0xek0xLDJoMXYxaC0xek02LDJoMXYxaC0xek0yLDJoMXYxaC0xek01LDJoMXYxaC0xek0xLDNoMXYxaC0xek02LDNoMXYxaC0xek0xLDRoMXYxaC0xek02LDRoMXYxaC0xek0xLDVoMXYxaC0xek02LDVoMXYxaC0xek0yLDVoMXYxaC0xek01LDVoMXYxaC0xek0yLDdoMXYxaC0xek01LDdoMXYxaC0xek0zLDdoMXYxaC0xek00LDdoMXYxaC0xeiIvPjxwYXRoIGZpbGw9ImhzbCgxNTUgOTUlIDU5JSkiIGQ9Ik0xLDFoMXYxaC0xek02LDFoMXYxaC0xek0zLDFoMXYxaC0xek00LDFoMXYxaC0xek0zLDJoMXYxaC0xek00LDJoMXYxaC0xek0xLDdoMXYxaC0xek02LDdoMXYxaC0xeiIvPjwvc3ZnPg==); width: 40px; height: 40px;"
        />
      </div>
      <div
        class="gap-1 overflow-hidden"
      >
        <div
          class="ethHashInfo-name flex items-center gap-1"
          title="Bob"
        >
          <div
            class="overflow-hidden text-ellipsis"
          >
            Bob
          </div>
        </div>
        <div
          class="addressContainer"
        >
          <div
            class="overflow-hidden text-ellipsis font-[weight:inherit] text-[length:inherit]"
          >
            <span
              class="inline-flex cursor-pointer"
              data-slot="tooltip-trigger"
              id="base-ui-_r_5_"
            >
              <span>
                0xd8dA6BF26964aF9D7eEd9e03E53415D37aA96045
              </span>
            </span>
          </div>
          <span
            class="inline-flex cursor-pointer"
            data-slot="tooltip-trigger"
            id="base-ui-_r_7_"
          >
            <button
              aria-label="Copy to clipboard"
              class="focus-visible:border-ring cursor-pointer focus-visible:ring-ring/50 aria-invalid:ring-destructive/20 dark:aria-invalid:ring-destructive/40 aria-invalid:border-destructive dark:aria-invalid:border-destructive/50 rounded-md border border-transparent bg-clip-padding text-sm font-medium focus-visible:ring-[3px] aria-invalid:ring-[3px] [&_svg:not([class*='size-'])]:size-4 inline-flex items-center justify-center whitespace-nowrap transition-all disabled:cursor-not-allowed disabled:opacity-50 aria-disabled:pointer-events-none aria-disabled:cursor-not-allowed aria-disabled:opacity-50 [&_svg]:pointer-events-none shrink-0 [&_svg]:shrink-0 outline-none group/button select-none hover:bg-muted hover:text-foreground dark:hover:bg-muted/50 aria-expanded:bg-muted aria-expanded:text-foreground size-8 in-data-[slot=button-group]:rounded-sm"
              data-slot="button"
              tabindex="0"
              type="button"
            >
              <mock-icon
                class="size-5 text-[var(--color-border-main)]"
                data-testid="copy-btn-icon"
              />
            </button>
          </span>
          <div
            class="text-border"
          />
        </div>
      </div>
    </div>
  </div>
  <div
    class="container"
  >
    <p
      class="flex items-center text-[length:inherit] text-muted-foreground"
    >
      <mock-icon
        class="mr-2 size-4"
      />
      Add owner
    </p>
    <div
      class="container"
    >
      <div
        class="avatarContainer"
        style="width: 32px; height: 32px;"
      >
        <div
          class="bg-muted animate-pulse rounded-full"
          data-slot="skeleton"
          style="width: 32px; height: 32px;"
        />
      </div>
      <div
        class="gap-1 overflow-hidden"
      >
        <div
          class="ethHashInfo-name flex items-center gap-1"
          title="Alice"
        >
          <div
            class="overflow-hidden text-ellipsis"
          >
            Alice
          </div>
        </div>
        <div
          class="addressContainer"
        >
          <div
            class="overflow-hidden text-ellipsis font-[weight:inherit] text-[length:inherit]"
          >
            <span
              class="inline-flex cursor-pointer"
              data-slot="tooltip-trigger"
              id="base-ui-_r_9_"
            >
              <span>
                0x0000000000000000
              </span>
            </span>
          </div>
          <span
            class="inline-flex cursor-pointer"
            data-slot="tooltip-trigger"
            id="base-ui-_r_b_"
          >
            <button
              aria-label="Copy to clipboard"
              class="focus-visible:border-ring cursor-pointer focus-visible:ring-ring/50 aria-invalid:ring-destructive/20 dark:aria-invalid:ring-destructive/40 aria-invalid:border-destructive dark:aria-invalid:border-destructive/50 rounded-md border border-transparent bg-clip-padding text-sm font-medium focus-visible:ring-[3px] aria-invalid:ring-[3px] [&_svg:not([class*='size-'])]:size-4 inline-flex items-center justify-center whitespace-nowrap transition-all disabled:cursor-not-allowed disabled:opacity-50 aria-disabled:pointer-events-none aria-disabled:cursor-not-allowed aria-disabled:opacity-50 [&_svg]:pointer-events-none shrink-0 [&_svg]:shrink-0 outline-none group/button select-none hover:bg-muted hover:text-foreground dark:hover:bg-muted/50 aria-expanded:bg-muted aria-expanded:text-foreground size-8 in-data-[slot=button-group]:rounded-sm"
              data-slot="button"
              tabindex="0"
              type="button"
            >
              <mock-icon
                class="size-5 text-[var(--color-border-main)]"
                data-testid="copy-btn-icon"
              />
            </button>
          </span>
          <div
            class="text-border"
          />
        </div>
      </div>
    </div>
  </div>
  <div
    aria-orientation="horizontal"
    class="bg-border shrink-0 data-[orientation=horizontal]:h-px data-[orientation=horizontal]:w-full data-[orientation=vertical]:w-px data-[orientation=vertical]:self-stretch nestedDivider"
    data-orientation="horizontal"
    data-slot="separator"
    role="separator"
  />
</div>
`;

exports[`SettingsChange should display the SettingsChange component with owner details 1`] = `
<div>
  <div
    class="container"
  >
    <p
      class="flex items-center text-[length:inherit] text-muted-foreground"
    >
      <mock-icon
        class="mr-2 size-4"
      />
      Add owner
    </p>
    <div
      class="container"
    >
      <div
        class="avatarContainer"
        style="width: 32px; height: 32px;"
      >
        <div
          class="icon"
          style="background-image: url(data:image/svg+xml;base64,PHN2ZyB4bWxucz0iaHR0cDovL3d3dy53My5vcmcvMjAwMC9zdmciIHZpZXdCb3g9IjAgMCA4IDgiIHNoYXBlLXJlbmRlcmluZz0ib3B0aW1pemVTcGVlZCIgd2lkdGg9IjY0IiBoZWlnaHQ9IjY0Ij48cGF0aCBmaWxsPSJoc2woMzI1IDQ4JSAyMiUpIiBkPSJNMCwwSDhWOEgweiIvPjxwYXRoIGZpbGw9ImhzbCgyNDAgOTklIDQ5JSkiIGQ9Ik0xLDBoMXYxaC0xek02LDBoMXYxaC0xek0yLDBoMXYxaC0xek01LDBoMXYxaC0xek0zLDBoMXYxaC0xek00LDBoMXYxaC0xek0wLDFoMXYxaC0xek03LDFoMXYxaC0xek0wLDJoMXYxaC0xek03LDJoMXYxaC0xek0xLDJoMXYxaC0xek02LDJoMXYxaC0xek0yLDJoMXYxaC0xek01LDJoMXYxaC0xek0xLDNoMXYxaC0xek02LDNoMXYxaC0xek0xLDRoMXYxaC0xek02LDRoMXYxaC0xek0xLDVoMXYxaC0xek02LDVoMXYxaC0xek0yLDVoMXYxaC0xek01LDVoMXYxaC0xek0yLDdoMXYxaC0xek01LDdoMXYxaC0xek0zLDdoMXYxaC0xek00LDdoMXYxaC0xeiIvPjxwYXRoIGZpbGw9ImhzbCgxNTUgOTUlIDU5JSkiIGQ9Ik0xLDFoMXYxaC0xek02LDFoMXYxaC0xek0zLDFoMXYxaC0xek00LDFoMXYxaC0xek0zLDJoMXYxaC0xek00LDJoMXYxaC0xek0xLDdoMXYxaC0xek02LDdoMXYxaC0xeiIvPjwvc3ZnPg==); width: 32px; height: 32px;"
        />
      </div>
      <div
        class="gap-1 overflow-hidden"
      >
        <div
          class="ethHashInfo-name flex items-center gap-1"
          title="Nevinha"
        >
          <div
            class="overflow-hidden text-ellipsis"
          >
            Nevinha
          </div>
        </div>
        <div
          class="addressContainer"
        >
          <div
            class="overflow-hidden text-ellipsis font-[weight:inherit] text-[length:inherit]"
          >
            <span
              class="inline-flex cursor-pointer"
              data-slot="tooltip-trigger"
              id="base-ui-_r_1_"
            >
              <span>
                0xd8dA6BF26964aF9D7eEd9e03E53415D37aA96045
              </span>
            </span>
          </div>
          <span
            class="inline-flex cursor-pointer"
            data-slot="tooltip-trigger"
            id="base-ui-_r_3_"
          >
            <button
              aria-label="Copy to clipboard"
              class="focus-visible:border-ring cursor-pointer focus-visible:ring-ring/50 aria-invalid:ring-destructive/20 dark:aria-invalid:ring-destructive/40 aria-invalid:border-destructive dark:aria-invalid:border-destructive/50 rounded-md border border-transparent bg-clip-padding text-sm font-medium focus-visible:ring-[3px] aria-invalid:ring-[3px] [&_svg:not([class*='size-'])]:size-4 inline-flex items-center justify-center whitespace-nowrap transition-all disabled:cursor-not-allowed disabled:opacity-50 aria-disabled:pointer-events-none aria-disabled:cursor-not-allowed aria-disabled:opacity-50 [&_svg]:pointer-events-none shrink-0 [&_svg]:shrink-0 outline-none group/button select-none hover:bg-muted hover:text-foreground dark:hover:bg-muted/50 aria-expanded:bg-muted aria-expanded:text-foreground size-8 in-data-[slot=button-group]:rounded-sm"
              data-slot="button"
              tabindex="0"
              type="button"
            >
              <mock-icon
                class="size-5 text-[var(--color-border-main)]"
                data-testid="copy-btn-icon"
              />
            </button>
          </span>
          <div
            class="text-border"
          />
        </div>
      </div>
    </div>
  </div>
  <div
    aria-orientation="horizontal"
    class="bg-border shrink-0 data-[orientation=horizontal]:h-px data-[orientation=horizontal]:w-full data-[orientation=vertical]:w-px data-[orientation=vertical]:self-stretch nestedDivider"
    data-orientation="horizontal"
    data-slot="separator"
    role="separator"
  />
  <div>
    <span
      class="m-0 text-sm leading-5 font-normal"
      data-slot="typography"
      data-variant="paragraph-small"
    >
      Any transaction requires the confirmation of:
    </span>
    <p
      class="m-0 text-base leading-6 font-normal"
      data-slot="typography"
      data-variant="paragraph"
    >
      <b>
        1
      </b>
       out of
       
      <b>
        1
         signer
      </b>
    </p>
  </div>
  <div
    aria-orientation="horizontal"
    class="bg-border shrink-0 data-[orientation=horizontal]:h-px data-[orientation=horizontal]:w-full data-[orientation=vertical]:w-px data-[orientation=vertical]:self-stretch nestedDivider"
    data-orientation="horizontal"
    data-slot="separator"
    role="separator"
  />
</div>
`;
