// Jest Snapshot v1, https://goo.gl/fbAQLP

exports[`InnerShadow should render the default markup 1`] = `
<View>
  <View
    style={
      {
        "flex": 1,
      }
    }
    testID="theme-light"
  >
    <View
      style={
        {
          "backgroundColor": "#F4F4F4",
          "bottom": 0,
          "height": 10,
          "left": 0,
          "position": "absolute",
          "shadowColor": "rgb(244,244,244)",
          "shadowOffset": {
            "height": -4,
            "width": -2,
          },
          "shadowOpacity": 1,
          "shadowRadius": 4,
          "width": "100%",
        }
      }
    />
  </View>
</View>
`;
