// Jest Snapshot v1, https://jestjs.io/docs/snapshot-testing

exports[`./index.stories Default 1`] = `
<div
  style="background-color: rgb(255, 255, 255); padding: 1rem;"
>
  <div
    class="shadcn-scope"
  >
    <div
      class="max-w-md"
    >
      <div
        class="rounded-xl bg-card p-6 text-center"
      >
        <mock-icon
          class="mx-auto"
        />
        <p
          class="m-0 text-base leading-6 font-normal block w-full text-center text-[var(--color-primary-light)]"
          data-slot="typography"
          data-testid="no-tx-text"
          data-variant="paragraph"
        >
          You have no active DeFi positions yet
        </p>
      </div>
    </div>
  </div>
</div>
`;
