// Jest Snapshot v1, https://goo.gl/fbAQLP

exports[`./SafeGradeChip.stories ActiveFilter 1`] = `
<div
  style="background-color: rgb(255, 255, 255); padding: 1rem;"
>
  <span
    class="border py-0.5 has-data-[icon=inline-end]:pr-1.5 has-data-[icon=inline-start]:pl-1.5 inline-flex items-center justify-center w-fit whitespace-nowrap shrink-0 [&>svg]:pointer-events-none focus-visible:border-ring focus-visible:ring-ring/50 focus-visible:ring-[3px] aria-invalid:ring-destructive/20 dark:aria-invalid:ring-destructive/40 aria-invalid:border-destructive overflow-hidden group/badge [a]:hover:bg-primary/80 h-auto gap-2 rounded-full border-transparent px-3 text-xs font-medium [&>svg]:size-[18px]! cursor-pointer transition-opacity hover:opacity-80 ring-1 ring-inset bg-[var(--color-error-background)] text-[var(--color-error-dark)] ring-[var(--color-error-dark)]"
    data-slot="badge"
    data-variant="default"
    role="button"
    tabindex="0"
  >
    <svg
      aria-label="Critical"
      fill="none"
      role="img"
      viewBox="0 0 24 24"
      xmlns="http://www.w3.org/2000/svg"
    >
      <rect
        class="fill-[var(--color-error-dark)]"
        height="4"
        rx="1.5"
        width="3"
        x="2"
        y="18"
      />
      <rect
        class="fill-[var(--color-border-light)]"
        height="8"
        rx="1.5"
        width="3"
        x="8"
        y="14"
      />
      <rect
        class="fill-[var(--color-border-light)]"
        height="12"
        rx="1.5"
        width="3"
        x="14"
        y="10"
      />
      <rect
        class="fill-[var(--color-border-light)]"
        height="16"
        rx="1.5"
        width="3"
        x="20"
        y="6"
      />
    </svg>
    1 critical
  </span>
</div>
`;

exports[`./SafeGradeChip.stories AtRisk 1`] = `
<div
  style="background-color: rgb(255, 255, 255); padding: 1rem;"
>
  <span
    class="border py-0.5 transition-all has-data-[icon=inline-end]:pr-1.5 has-data-[icon=inline-start]:pl-1.5 inline-flex items-center justify-center w-fit whitespace-nowrap shrink-0 [&>svg]:pointer-events-none focus-visible:border-ring focus-visible:ring-ring/50 focus-visible:ring-[3px] aria-invalid:ring-destructive/20 dark:aria-invalid:ring-destructive/40 aria-invalid:border-destructive overflow-hidden group/badge [a]:hover:bg-primary/80 h-auto gap-2 rounded-full border-transparent bg-muted px-3 text-xs font-medium text-muted-foreground [&>svg]:size-[18px]!"
    data-slot="badge"
    data-variant="default"
  >
    <svg
      aria-label="At risk"
      fill="none"
      role="img"
      viewBox="0 0 24 24"
      xmlns="http://www.w3.org/2000/svg"
    >
      <rect
        class="fill-[var(--color-error-main)]"
        height="4"
        rx="1.5"
        width="3"
        x="2"
        y="18"
      />
      <rect
        class="fill-[var(--color-error-main)]"
        height="8"
        rx="1.5"
        width="3"
        x="8"
        y="14"
      />
      <rect
        class="fill-[var(--color-border-light)]"
        height="12"
        rx="1.5"
        width="3"
        x="14"
        y="10"
      />
      <rect
        class="fill-[var(--color-border-light)]"
        height="16"
        rx="1.5"
        width="3"
        x="20"
        y="6"
      />
    </svg>
    3 at risk
  </span>
</div>
`;

exports[`./SafeGradeChip.stories Critical 1`] = `
<div
  style="background-color: rgb(255, 255, 255); padding: 1rem;"
>
  <span
    class="border py-0.5 transition-all has-data-[icon=inline-end]:pr-1.5 has-data-[icon=inline-start]:pl-1.5 inline-flex items-center justify-center w-fit whitespace-nowrap shrink-0 [&>svg]:pointer-events-none focus-visible:border-ring focus-visible:ring-ring/50 focus-visible:ring-[3px] aria-invalid:ring-destructive/20 dark:aria-invalid:ring-destructive/40 aria-invalid:border-destructive overflow-hidden group/badge [a]:hover:bg-primary/80 h-auto gap-2 rounded-full border-transparent bg-muted px-3 text-xs font-medium text-muted-foreground [&>svg]:size-[18px]!"
    data-slot="badge"
    data-variant="default"
  >
    <svg
      aria-label="Critical"
      fill="none"
      role="img"
      viewBox="0 0 24 24"
      xmlns="http://www.w3.org/2000/svg"
    >
      <rect
        class="fill-[var(--color-error-dark)]"
        height="4"
        rx="1.5"
        width="3"
        x="2"
        y="18"
      />
      <rect
        class="fill-[var(--color-border-light)]"
        height="8"
        rx="1.5"
        width="3"
        x="8"
        y="14"
      />
      <rect
        class="fill-[var(--color-border-light)]"
        height="12"
        rx="1.5"
        width="3"
        x="14"
        y="10"
      />
      <rect
        class="fill-[var(--color-border-light)]"
        height="16"
        rx="1.5"
        width="3"
        x="20"
        y="6"
      />
    </svg>
    1 critical
  </span>
</div>
`;

exports[`./SafeGradeChip.stories NeedsAttention 1`] = `
<div
  style="background-color: rgb(255, 255, 255); padding: 1rem;"
>
  <span
    class="border py-0.5 transition-all has-data-[icon=inline-end]:pr-1.5 has-data-[icon=inline-start]:pl-1.5 inline-flex items-center justify-center w-fit whitespace-nowrap shrink-0 [&>svg]:pointer-events-none focus-visible:border-ring focus-visible:ring-ring/50 focus-visible:ring-[3px] aria-invalid:ring-destructive/20 dark:aria-invalid:ring-destructive/40 aria-invalid:border-destructive overflow-hidden group/badge [a]:hover:bg-primary/80 h-auto gap-2 rounded-full border-transparent bg-muted px-3 text-xs font-medium text-muted-foreground [&>svg]:size-[18px]!"
    data-slot="badge"
    data-variant="default"
  >
    <svg
      aria-label="Needs review"
      fill="none"
      role="img"
      viewBox="0 0 24 24"
      xmlns="http://www.w3.org/2000/svg"
    >
      <rect
        class="fill-[var(--color-warning-main)]"
        height="4"
        rx="1.5"
        width="3"
        x="2"
        y="18"
      />
      <rect
        class="fill-[var(--color-warning-main)]"
        height="8"
        rx="1.5"
        width="3"
        x="8"
        y="14"
      />
      <rect
        class="fill-[var(--color-warning-main)]"
        height="12"
        rx="1.5"
        width="3"
        x="14"
        y="10"
      />
      <rect
        class="fill-[var(--color-border-light)]"
        height="16"
        rx="1.5"
        width="3"
        x="20"
        y="6"
      />
    </svg>
    2 needs review
  </span>
</div>
`;

exports[`./SafeGradeChip.stories Passing 1`] = `
<div
  style="background-color: rgb(255, 255, 255); padding: 1rem;"
>
  <span
    class="border py-0.5 transition-all has-data-[icon=inline-end]:pr-1.5 has-data-[icon=inline-start]:pl-1.5 inline-flex items-center justify-center w-fit whitespace-nowrap shrink-0 [&>svg]:pointer-events-none focus-visible:border-ring focus-visible:ring-ring/50 focus-visible:ring-[3px] aria-invalid:ring-destructive/20 dark:aria-invalid:ring-destructive/40 aria-invalid:border-destructive overflow-hidden group/badge [a]:hover:bg-primary/80 h-auto gap-2 rounded-full border-transparent bg-muted px-3 text-xs font-medium text-muted-foreground [&>svg]:size-[18px]!"
    data-slot="badge"
    data-variant="default"
  >
    <svg
      aria-label="Healthy"
      fill="none"
      role="img"
      viewBox="0 0 24 24"
      xmlns="http://www.w3.org/2000/svg"
    >
      <rect
        class="fill-[var(--color-success-main)]"
        height="4"
        rx="1.5"
        width="3"
        x="2"
        y="18"
      />
      <rect
        class="fill-[var(--color-success-main)]"
        height="8"
        rx="1.5"
        width="3"
        x="8"
        y="14"
      />
      <rect
        class="fill-[var(--color-success-main)]"
        height="12"
        rx="1.5"
        width="3"
        x="14"
        y="10"
      />
      <rect
        class="fill-[var(--color-success-main)]"
        height="16"
        rx="1.5"
        width="3"
        x="20"
        y="6"
      />
    </svg>
    12 healthy
  </span>
</div>
`;
