// Jest Snapshot v1, https://goo.gl/fbAQLP

exports[`./WorkspaceHealthCard.stories CriticalFilterActive 1`] = `
<div
  style="background-color: rgb(255, 255, 255); padding: 1rem;"
>
  <div
    class="MuiPaper-root MuiPaper-elevation MuiPaper-rounded MuiPaper-elevation0 mui-style-l2lphb-MuiPaper-root"
    style="--Paper-shadow: none;"
  >
    <div
      class="bg-card text-card-foreground overflow-hidden rounded-xl text-sm has-[>img:first-child]:pt-0 data-[size=sm]:gap-4 data-[size=sm]:py-4 *:[img:first-child]:rounded-t-xl *:[img:last-child]:rounded-b-xl group/card flex mb-6 flex-col items-start gap-6 p-6 md:flex-row md:items-center"
      data-size="default"
      data-slot="card"
    >
      <div
        class="bg-muted animate-pulse size-[100px] shrink-0 rounded-full"
        data-slot="skeleton"
      />
      <div
        class="min-w-0 flex-1"
      >
        <div
          class="bg-muted animate-pulse mb-2 h-6 w-[180px] rounded"
          data-slot="skeleton"
        />
        <div
          class="bg-muted animate-pulse mb-1 h-4 w-[320px] rounded"
          data-slot="skeleton"
        />
        <div
          class="bg-muted animate-pulse mb-4 h-4 w-[260px] rounded"
          data-slot="skeleton"
        />
        <div
          class="flex gap-2"
        >
          <div
            class="bg-muted animate-pulse h-5 w-20 rounded-[10px]"
            data-slot="skeleton"
          />
          <div
            class="bg-muted animate-pulse h-5 w-[100px] rounded-[10px]"
            data-slot="skeleton"
          />
        </div>
      </div>
    </div>
  </div>
</div>
`;

exports[`./WorkspaceHealthCard.stories Healthy 1`] = `
<div
  style="background-color: rgb(255, 255, 255); padding: 1rem;"
>
  <div
    class="MuiPaper-root MuiPaper-elevation MuiPaper-rounded MuiPaper-elevation0 mui-style-l2lphb-MuiPaper-root"
    style="--Paper-shadow: none;"
  >
    <div
      class="bg-card text-card-foreground overflow-hidden rounded-xl text-sm has-[>img:first-child]:pt-0 data-[size=sm]:gap-4 data-[size=sm]:py-4 *:[img:first-child]:rounded-t-xl *:[img:last-child]:rounded-b-xl group/card flex mb-6 flex-col items-start gap-6 p-6 md:flex-row md:items-center"
      data-size="default"
      data-slot="card"
    >
      <div
        class="bg-muted animate-pulse size-[100px] shrink-0 rounded-full"
        data-slot="skeleton"
      />
      <div
        class="min-w-0 flex-1"
      >
        <div
          class="bg-muted animate-pulse mb-2 h-6 w-[180px] rounded"
          data-slot="skeleton"
        />
        <div
          class="bg-muted animate-pulse mb-1 h-4 w-[320px] rounded"
          data-slot="skeleton"
        />
        <div
          class="bg-muted animate-pulse mb-4 h-4 w-[260px] rounded"
          data-slot="skeleton"
        />
        <div
          class="flex gap-2"
        >
          <div
            class="bg-muted animate-pulse h-5 w-20 rounded-[10px]"
            data-slot="skeleton"
          />
          <div
            class="bg-muted animate-pulse h-5 w-[100px] rounded-[10px]"
            data-slot="skeleton"
          />
        </div>
      </div>
    </div>
  </div>
</div>
`;

exports[`./WorkspaceHealthCard.stories MixedGrades 1`] = `
<div
  style="background-color: rgb(255, 255, 255); padding: 1rem;"
>
  <div
    class="MuiPaper-root MuiPaper-elevation MuiPaper-rounded MuiPaper-elevation0 mui-style-l2lphb-MuiPaper-root"
    style="--Paper-shadow: none;"
  >
    <div
      class="bg-card text-card-foreground overflow-hidden rounded-xl text-sm has-[>img:first-child]:pt-0 data-[size=sm]:gap-4 data-[size=sm]:py-4 *:[img:first-child]:rounded-t-xl *:[img:last-child]:rounded-b-xl group/card flex mb-6 flex-col items-start gap-6 p-6 md:flex-row md:items-center"
      data-size="default"
      data-slot="card"
    >
      <div
        class="bg-muted animate-pulse size-[100px] shrink-0 rounded-full"
        data-slot="skeleton"
      />
      <div
        class="min-w-0 flex-1"
      >
        <div
          class="bg-muted animate-pulse mb-2 h-6 w-[180px] rounded"
          data-slot="skeleton"
        />
        <div
          class="bg-muted animate-pulse mb-1 h-4 w-[320px] rounded"
          data-slot="skeleton"
        />
        <div
          class="bg-muted animate-pulse mb-4 h-4 w-[260px] rounded"
          data-slot="skeleton"
        />
        <div
          class="flex gap-2"
        >
          <div
            class="bg-muted animate-pulse h-5 w-20 rounded-[10px]"
            data-slot="skeleton"
          />
          <div
            class="bg-muted animate-pulse h-5 w-[100px] rounded-[10px]"
            data-slot="skeleton"
          />
        </div>
      </div>
    </div>
  </div>
</div>
`;

exports[`./WorkspaceHealthCard.stories Scanning 1`] = `
<div
  style="background-color: rgb(255, 255, 255); padding: 1rem;"
>
  <div
    class="MuiPaper-root MuiPaper-elevation MuiPaper-rounded MuiPaper-elevation0 mui-style-l2lphb-MuiPaper-root"
    style="--Paper-shadow: none;"
  >
    <div
      class="bg-card text-card-foreground overflow-hidden rounded-xl text-sm has-[>img:first-child]:pt-0 data-[size=sm]:gap-4 data-[size=sm]:py-4 *:[img:first-child]:rounded-t-xl *:[img:last-child]:rounded-b-xl group/card flex mb-6 flex-col items-start gap-6 p-6 md:flex-row md:items-center"
      data-size="default"
      data-slot="card"
    >
      <div
        class="bg-muted animate-pulse size-[100px] shrink-0 rounded-full"
        data-slot="skeleton"
      />
      <div
        class="min-w-0 flex-1"
      >
        <div
          class="bg-muted animate-pulse mb-2 h-6 w-[180px] rounded"
          data-slot="skeleton"
        />
        <div
          class="bg-muted animate-pulse mb-1 h-4 w-[320px] rounded"
          data-slot="skeleton"
        />
        <div
          class="bg-muted animate-pulse mb-4 h-4 w-[260px] rounded"
          data-slot="skeleton"
        />
        <div
          class="flex gap-2"
        >
          <div
            class="bg-muted animate-pulse h-5 w-20 rounded-[10px]"
            data-slot="skeleton"
          />
          <div
            class="bg-muted animate-pulse h-5 w-[100px] rounded-[10px]"
            data-slot="skeleton"
          />
        </div>
      </div>
    </div>
  </div>
</div>
`;
