// Jest Snapshot v1, https://jestjs.io/docs/snapshot-testing

exports[`./NameInput.stories Default 1`] = `
<div
  style="background-color: rgb(255, 255, 255); padding: 1rem;"
>
  <div
    class="shadcn-scope"
  >
    <div
      class="w-[300px]"
    >
      <div
        class="data-[invalid=true]:text-destructive gap-3 group/field flex w-full flex-col [&>*]:w-full [&>.sr-only]:w-auto"
        data-orientation="vertical"
        data-slot="field"
        role="group"
      >
        <label
          class="text-sm font-medium group-data-[disabled=true]:opacity-50 group-data-disabled:opacity-50 peer-disabled:opacity-50 peer-data-disabled:opacity-50 items-center select-none group-data-[disabled=true]:pointer-events-none group-data-disabled:pointer-events-none peer-disabled:cursor-not-allowed peer-data-disabled:cursor-not-allowed has-data-checked:bg-primary/5 has-data-checked:border-primary dark:has-data-checked:bg-primary/10 gap-2 group-data-[disabled=true]/field:opacity-50 has-[>[data-slot=field]]:rounded-md has-[>[data-slot=field]]:border [&>*]:data-[slot=field]:p-3 group/field-label peer/field-label flex w-fit leading-snug has-[>[data-slot=field]]:w-full has-[>[data-slot=field]]:flex-col"
          data-slot="field-label"
          for="_r_0_"
        >
          Owner name
        </label>
        <div
          class="w-full"
        >
          <input
            class="border-border border shadow-none focus-visible:ring-0 focus-visible:border-border aria-invalid:ring-destructive/20 dark:aria-invalid:ring-destructive/40 aria-invalid:border-destructive dark:aria-invalid:border-destructive/50 rounded-md py-1.5 text-base transition-[color,box-shadow] file:h-7 file:text-sm file:font-medium md:text-sm file:text-foreground placeholder:text-muted-foreground w-full min-w-0 outline-none file:inline-flex file:border-0 file:bg-transparent disabled:pointer-events-none disabled:cursor-not-allowed disabled:opacity-50 h-9 px-3 bg-input"
            data-slot="input"
            id="_r_0_"
            name="ownerName"
            value=""
          />
        </div>
      </div>
    </div>
  </div>
</div>
`;

exports[`./NameInput.stories Disabled 1`] = `
<div
  style="background-color: rgb(255, 255, 255); padding: 1rem;"
>
  <div
    class="shadcn-scope"
  >
    <div
      class="w-[300px]"
    >
      <div
        class="data-[invalid=true]:text-destructive gap-3 group/field flex w-full flex-col [&>*]:w-full [&>.sr-only]:w-auto"
        data-orientation="vertical"
        data-slot="field"
        role="group"
      >
        <label
          class="text-sm font-medium group-data-[disabled=true]:opacity-50 group-data-disabled:opacity-50 peer-disabled:opacity-50 peer-data-disabled:opacity-50 items-center select-none group-data-[disabled=true]:pointer-events-none group-data-disabled:pointer-events-none peer-disabled:cursor-not-allowed peer-data-disabled:cursor-not-allowed has-data-checked:bg-primary/5 has-data-checked:border-primary dark:has-data-checked:bg-primary/10 gap-2 group-data-[disabled=true]/field:opacity-50 has-[>[data-slot=field]]:rounded-md has-[>[data-slot=field]]:border [&>*]:data-[slot=field]:p-3 group/field-label peer/field-label flex w-fit leading-snug has-[>[data-slot=field]]:w-full has-[>[data-slot=field]]:flex-col"
          data-slot="field-label"
          for="_r_2_"
        >
          Owner name
        </label>
        <div
          class="w-full"
        >
          <input
            class="border-border border shadow-none focus-visible:ring-0 focus-visible:border-border aria-invalid:ring-destructive/20 dark:aria-invalid:ring-destructive/40 aria-invalid:border-destructive dark:aria-invalid:border-destructive/50 rounded-md py-1.5 text-base transition-[color,box-shadow] file:h-7 file:text-sm file:font-medium md:text-sm file:text-foreground placeholder:text-muted-foreground w-full min-w-0 outline-none file:inline-flex file:border-0 file:bg-transparent disabled:pointer-events-none disabled:cursor-not-allowed disabled:opacity-50 h-9 px-3 bg-input"
            data-disabled=""
            data-slot="input"
            disabled=""
            id="_r_2_"
            name="ownerName"
            value=""
          />
        </div>
      </div>
    </div>
  </div>
</div>
`;

exports[`./NameInput.stories Required 1`] = `
<div
  style="background-color: rgb(255, 255, 255); padding: 1rem;"
>
  <div
    class="shadcn-scope"
  >
    <div
      class="w-[300px]"
    >
      <div
        class="data-[invalid=true]:text-destructive gap-3 group/field flex w-full flex-col [&>*]:w-full [&>.sr-only]:w-auto"
        data-orientation="vertical"
        data-slot="field"
        role="group"
      >
        <label
          class="text-sm font-medium group-data-[disabled=true]:opacity-50 group-data-disabled:opacity-50 peer-disabled:opacity-50 peer-data-disabled:opacity-50 items-center select-none group-data-[disabled=true]:pointer-events-none group-data-disabled:pointer-events-none peer-disabled:cursor-not-allowed peer-data-disabled:cursor-not-allowed has-data-checked:bg-primary/5 has-data-checked:border-primary dark:has-data-checked:bg-primary/10 gap-2 group-data-[disabled=true]/field:opacity-50 has-[>[data-slot=field]]:rounded-md has-[>[data-slot=field]]:border [&>*]:data-[slot=field]:p-3 group/field-label peer/field-label flex w-fit leading-snug has-[>[data-slot=field]]:w-full has-[>[data-slot=field]]:flex-col"
          data-slot="field-label"
          for="_r_4_"
        >
          Owner name
        </label>
        <div
          class="w-full"
        >
          <input
            class="border-border border shadow-none focus-visible:ring-0 focus-visible:border-border aria-invalid:ring-destructive/20 dark:aria-invalid:ring-destructive/40 aria-invalid:border-destructive dark:aria-invalid:border-destructive/50 rounded-md py-1.5 text-base transition-[color,box-shadow] file:h-7 file:text-sm file:font-medium md:text-sm file:text-foreground placeholder:text-muted-foreground w-full min-w-0 outline-none file:inline-flex file:border-0 file:bg-transparent disabled:pointer-events-none disabled:cursor-not-allowed disabled:opacity-50 h-9 px-3 bg-input"
            data-slot="input"
            id="_r_4_"
            name="ownerName"
            required=""
            value=""
          />
        </div>
      </div>
    </div>
  </div>
</div>
`;

exports[`./NameInput.stories WithPlaceholder 1`] = `
<div
  style="background-color: rgb(255, 255, 255); padding: 1rem;"
>
  <div
    class="shadcn-scope"
  >
    <div
      class="w-[300px]"
    >
      <div
        class="data-[invalid=true]:text-destructive gap-3 group/field flex w-full flex-col [&>*]:w-full [&>.sr-only]:w-auto"
        data-orientation="vertical"
        data-slot="field"
        role="group"
      >
        <label
          class="text-sm font-medium group-data-[disabled=true]:opacity-50 group-data-disabled:opacity-50 peer-disabled:opacity-50 peer-data-disabled:opacity-50 items-center select-none group-data-[disabled=true]:pointer-events-none group-data-disabled:pointer-events-none peer-disabled:cursor-not-allowed peer-data-disabled:cursor-not-allowed has-data-checked:bg-primary/5 has-data-checked:border-primary dark:has-data-checked:bg-primary/10 gap-2 group-data-[disabled=true]/field:opacity-50 has-[>[data-slot=field]]:rounded-md has-[>[data-slot=field]]:border [&>*]:data-[slot=field]:p-3 group/field-label peer/field-label flex w-fit leading-snug has-[>[data-slot=field]]:w-full has-[>[data-slot=field]]:flex-col"
          data-slot="field-label"
          for="_r_6_"
        >
          Owner name
        </label>
        <div
          class="w-full"
        >
          <input
            class="border-border border shadow-none focus-visible:ring-0 focus-visible:border-border aria-invalid:ring-destructive/20 dark:aria-invalid:ring-destructive/40 aria-invalid:border-destructive dark:aria-invalid:border-destructive/50 rounded-md py-1.5 text-base transition-[color,box-shadow] file:h-7 file:text-sm file:font-medium md:text-sm file:text-foreground placeholder:text-muted-foreground w-full min-w-0 outline-none file:inline-flex file:border-0 file:bg-transparent disabled:pointer-events-none disabled:cursor-not-allowed disabled:opacity-50 h-9 px-3 bg-input"
            data-slot="input"
            id="_r_6_"
            name="ownerName"
            placeholder="Enter owner name"
            value=""
          />
        </div>
      </div>
    </div>
  </div>
</div>
`;
